// Jest Snapshot v1, https://goo.gl/fbAQLP

exports[`renders 1`] = `
<li
  class="sc-bdVaJa dMuIRy"
>
  <h2
    class="sc-bwzfXH cvGxoC"
  >
    Mock Name
  </h2>
  <div
    class="sc-htpNat utKBR"
  >
    <p
      class="sc-bxivhb fZmUiV"
    >
      0.11 min
    </p>
    <p
      class="sc-bxivhb fZmUiV"
    >
      Mock Type
    </p>
  </div>
</li>
`;
