// Jest Snapshot v1, https://goo.gl/fbAQLP

exports[`renders 1`] = `
<header
  class="sc-bdVaJa ghkLH"
>
  <div
    class="sc-bwzfXH cYJXFx"
  >
    <div
      class="sc-htpNat keCgax"
    >
      <div
        class="sc-bxivhb cRjziJ"
      >
        4 assets
      </div>
      <div
        class="sc-ifAKCX cOHJjj"
      >
        2 x 
        <span>
          Articles
        </span>
        , 1 x 
        <span>
          Documents
        </span>
        , 1 x
        <span>
          Video
        </span>
      </div>
    </div>
  </div>
</header>
`;
