// Jest Snapshot v1, https://goo.gl/fbAQLP

exports[`renders 1`] = `
<div
  class="sc-ifAKCX dqEFoq"
>
  <ul
    class="sc-bxivhb bbZEIZ"
  >
    <li
      class="sc-bdVaJa iTWRwI"
      type="Article"
    >
      <h2
        class="sc-bwzfXH cvsGNX"
      >
        10 Principles of Change Management
      </h2>
      <p
        class="sc-htpNat tMhnM"
      >
        <span>
          0.11 min
        </span>
        <span>
          Article
        </span>
      </p>
    </li>
    <li
      class="sc-bdVaJa NSasu"
      type="Video"
    >
      <h2
        class="sc-bwzfXH cvsGNX"
      >
        Overview of change management phases
      </h2>
      <p
        class="sc-htpNat tMhnM"
      >
        <span>
          0.06 min
        </span>
        <span>
          Video
        </span>
      </p>
    </li>
    <li
      class="sc-bdVaJa hQXXxF"
      type="Document"
    >
      <h2
        class="sc-bwzfXH cvsGNX"
      >
        Blockchain for dummies
      </h2>
      <p
        class="sc-htpNat tMhnM"
      >
        <span>
          0.15 min
        </span>
        <span>
          Document
        </span>
      </p>
    </li>
    <li
      class="sc-bdVaJa hOixVw"
      type="Online Course"
    >
      <h2
        class="sc-bwzfXH cvsGNX"
      >
        10 Principles of Change Management
      </h2>
      <p
        class="sc-htpNat tMhnM"
      >
        <span>
          0.02 min
        </span>
        <span>
          Online Course
        </span>
      </p>
    </li>
    <li
      class="sc-bdVaJa NSasu"
      type="Video"
    >
      <h2
        class="sc-bwzfXH cvsGNX"
      >
        It's ok I'm only busy for a while
      </h2>
      <p
        class="sc-htpNat tMhnM"
      >
        <span>
          0.11 min
        </span>
        <span>
          Video
        </span>
      </p>
    </li>
    <li
      class="sc-bdVaJa hQXXxF"
      type="Document"
    >
      <h2
        class="sc-bwzfXH cvsGNX"
      >
        Why Carving Out 5 Hours Every Day For Difficult Work Can Lead To Greatness
      </h2>
      <p
        class="sc-htpNat tMhnM"
      >
        <span>
          0.09 min
        </span>
        <span>
          Document
        </span>
      </p>
    </li>
    <li
      class="sc-bdVaJa hQXXxF"
      type="Document"
    >
      <h2
        class="sc-bwzfXH cvsGNX"
      >
        Multi-tasking: you're making yourself slower and dumber
      </h2>
      <p
        class="sc-htpNat tMhnM"
      >
        <span>
          0.21 min
        </span>
        <span>
          Document
        </span>
      </p>
    </li>
    <li
      class="sc-bdVaJa NSasu"
      type="Video"
    >
      <h2
        class="sc-bwzfXH cvsGNX"
      >
        Overview of change management phases
      </h2>
      <p
        class="sc-htpNat tMhnM"
      >
        <span>
          0.06 min
        </span>
        <span>
          Video
        </span>
      </p>
    </li>
  </ul>
</div>
`;
